Microchip MPLAB XC8 Compiler V1.12 ()

Linker command line:

--edf=C:\Program Files (x86)\Microchip\xc8\v1.12\dat\en_msgs.txt -cs \
  -h+dist/default/production\PIC16-CurrentCost-Framework.X.production.sym \
  -z -Q16F689 -ol.obj \
  -Mdist/default/production/PIC16-CurrentCost-Framework.X.production.map \
  -E1 -ver=XC8 -ACONST=00h-0FFhx16 -ACODE=00h-07FFhx2 -ASTRCODE=00h-0FFFh \
  -AENTRY=00h-0FFhx16 -ASTRING=00h-0FFhx16 -ACOMMON=070h-07Fh \
  -ABANK0=020h-06Fh -ABANK1=0A0h-0EFh -ABANK2=0120h-016Fh \
  -ARAM=020h-06Fh,0A0h-0EFh,0120h-016Fh \
  -AABS1=020h-07Fh,0A0h-0EFh,0120h-016Fh -ASFR0=00h-01Fh -ASFR1=080h-09Fh \
  -ASFR2=0100h-011Fh -ASFR3=0180h-01EFh \
  -preset_vec=00h,intentry,init,end_init -ppowerup=CODE -pfunctab=CODE \
  -ACONFIG=02007h-02007h -pconfig=CONFIG -DCONFIG=2 -AIDLOC=02000h-02003h \
  -pidloc=IDLOC -DIDLOC=2 -AEEDATA=00h-0FFh/02100h -peeprom_data=EEDATA \
  -DEEDATA=2 -DCODE=2 -DSTRCODE=2 -DSTRING=2 -DCONST=2 -DENTRY=2 -k \
  C:\Users\graham\AppData\Local\Temp\s8ds.obj \
  dist/default/production\PIC16-CurrentCost-Framework.X.production.obj 

Object code version is 3.10

Machine type is 16F689



                Name                               Link     Load   Length Selector   Space Scale
C:\Users\graham\AppData\Local\Temp\s8ds.obj
                end_init                              0        0        2        0       0
                config                             2007     2007        1     400E       0
dist/default/production\PIC16-CurrentCost-Framework.X.production.obj
                text395                             4FA      4FA       10      9F4       0
                text394                             573      573       27      AE6       0
                text393                             4DC      4DC        F      9B8       0
                text392                             4B6      4B6        5      96C       0
                text391                             5C1      5C1       29      B82       0
                text390                             552      552       21      AA4       0
                text389                             4BB      4BB        8      976       0
                text388                             683      683       3A      D06       0
                text387                             64B      64B       38      C96       0
                text386                             4CE      4CE        E      99C       0
                text385                             59A      59A       27      B34       0
                text384                             5EA      5EA       2F      BD4       0
                text383                             6BD      6BD       6D      D7A       0
                text382                             51F      51F       17      A3E       0
                text381                             619      619       32      C32       0
                text380                             536      536       1C      A6C       0
                text379                             4EB      4EB        F      9D6       0
                text378                             50A      50A       15      A14       0
                maintext                            72A      72A       D6      E54       0
                cstackBANK0                          20       20        F       20       1
                cstackCOMMON                         70       70        D       70       1
                bssBANK0                             2F       2F        8       20       1
                cinit                               4C3      4C3        B      986       0
                strings                               2        2        B        4       0

TOTAL           Name                               Link     Load   Length     Space
        CLASS   CONST          

        CLASS   CODE           
                end_init                              0        0        2         0
                text395                             4FA      4FA       10         0
                text394                             573      573       27         0
                text393                             4DC      4DC        F         0
                text392                             4B6      4B6        5         0
                text391                             5C1      5C1       29         0
                text390                             552      552       21         0
                text389                             4BB      4BB        8         0
                text388                             683      683       3A         0
                text387                             64B      64B       38         0
                text386                             4CE      4CE        E         0
                text385                             59A      59A       27         0
                text384                             5EA      5EA       2F         0
                text383                             6BD      6BD       6D         0
                text382                             51F      51F       17         0
                text381                             619      619       32         0
                text380                             536      536       1C         0
                text379                             4EB      4EB        F         0
                text378                             50A      50A       15         0
                maintext                            72A      72A       D6         0
                cinit                               4C3      4C3        B         0

        CLASS   STRCODE        

        CLASS   ENTRY          

        CLASS   STRING         
                strings                               2        2        B         0

        CLASS   COMMON         
                cstackCOMMON                         70       70        D         1

        CLASS   BANK0          
                cstackBANK0                          20       20        F         1
                bssBANK0                             2F       2F        8         1

        CLASS   BANK1          

        CLASS   BANK2          

        CLASS   RAM            

        CLASS   ABS1           
                abs_s1                               7E       7E        2         1

        CLASS   SFR0           

        CLASS   SFR1           

        CLASS   SFR2           

        CLASS   SFR3           

        CLASS   CONFIG         
                config                             2007     2007        1         0

        CLASS   IDLOC          

        CLASS   EEDATA         

        CLASS   BANK3          



SEGMENTS        Name                           Load    Length   Top    Selector   Space  Class     Delta

                reset_vec                      000000  000002  000002         0       0  CODE        2
                strings                        000002  00000B  00000D         4       0  STRING      2
                cstackBANK0                    000020  000017  000037        20       1  BANK0       1
                cstackCOMMON                   000070  00000D  00007D        70       1  COMMON      1
                text392                        0004B6  000005  0004BB       96C       0  CODE        2
                text389                        0004BB  000008  0004C3       976       0  CODE        2
                cinit                          0004C3  00000B  0004CE       986       0  CODE        2
                text386                        0004CE  00000E  0004DC       99C       0  CODE        2
                text393                        0004DC  00000F  0004EB       9B8       0  CODE        2
                text379                        0004EB  00000F  0004FA       9D6       0  CODE        2
                text395                        0004FA  000010  00050A       9F4       0  CODE        2
                text378                        00050A  000015  00051F       A14       0  CODE        2
                text382                        00051F  000017  000536       A3E       0  CODE        2
                text380                        000536  00001C  000552       A6C       0  CODE        2
                text390                        000552  000021  000573       AA4       0  CODE        2
                text394                        000573  000027  00059A       AE6       0  CODE        2
                text385                        00059A  000027  0005C1       B34       0  CODE        2
                text391                        0005C1  000029  0005EA       B82       0  CODE        2
                text384                        0005EA  00002F  000619       BD4       0  CODE        2
                text381                        000619  000032  00064B       C32       0  CODE        2
                text387                        00064B  000038  000683       C96       0  CODE        2
                text388                        000683  00003A  0006BD       D06       0  CODE        2
                text383                        0006BD  00006D  00072A       D7A       0  CODE        2
                maintext                       00072A  0000D6  000800       E54       0  CODE        2
                config                         002007  000001  002008      400E       0  CONFIG      2


UNUSED ADDRESS RANGES

        Name                Unused          Largest block    Delta
        BANK0            0037-006F             39           1
        BANK1            00A0-00EF             50           1
        BANK2            0120-016F             50           1
        CODE             000D-04B5            4A9           2
                         0800-0FFF            800
        COMMON           007D-007D              1           1
        CONST            000D-04B5            100           2
                         0800-0FFF            100
        EEDATA           2100-21FF            100           2
        ENTRY            000D-04B5            100           2
                         0800-0FFF            100
        IDLOC            2000-2003              4           2
        RAM              0037-006F             39           1
                         00A0-00EF             50
                         0120-016F             50
        SFR0             0000-001F             20           1
        SFR1             0080-009F             20           1
        SFR2             0100-011F             20           1
        SFR3             0180-01EF             70           1
        STRCODE          000D-04B5            4A9           2
                         0800-0FFF            800
        STRING           000D-04B5            100           2
                         0800-0FFF            100

                                  Symbol Table

?_EEPROM_putc                 cstackCOMMON 0070
?_GenAddr                     cstackCOMMON 0074
?_SendCTRL                    cstackCOMMON 0070
?_doPair                      cstackBANK0  0020
ConfigureOscillator@speed     cstackCOMMON 0070
EEPROM_getc@address           cstackCOMMON 0070
EEPROM_putc@INTCON_SAVE       cstackCOMMON 0073
EEPROM_putc@address           cstackCOMMON 0072
EEPROM_putc@data              cstackCOMMON 0070
GenAddr@txBuff                cstackCOMMON 0076
GenAddr@type                  cstackCOMMON 0074
GetAddr@txBuff                cstackCOMMON 0072
PairTX@cnt                    cstackCOMMON 007A
PairTX@txBuff                 cstackCOMMON 007B
SendCTRL@cnt                  cstackCOMMON 0073
SendCTRL@tosend               cstackCOMMON 0070
SendFSK@cnt                   cstackCOMMON 0073
SendFSK@data                  cstackCOMMON 0072
SendManFSK@cnt                cstackCOMMON 0073
SendManFSK@data               cstackCOMMON 0072
Sendbit@data                  cstackCOMMON 0070
TXData@cnt                    cstackCOMMON 0076
TXData@txBuff                 cstackCOMMON 0075
_ANSEL                        (abs)        011E
_ANSELH                       (abs)        011F
_ConfigureOscillator          text379      04EB
_EEADR                        (abs)        010D
_EECON1bits                   (abs)        018C
_EECON2                       (abs)        018D
_EEDATA                       (abs)        010C
_EEPROM_getc                  text386      04CE
_EEPROM_putc                  text385      059A
_GenAddr                      text384      05EA
_GetAddr                      text382      051F
_INTCON                       (abs)        000B
_InitApp                      text380      0536
_InitRadio                    text381      0619
_OSCCON                       (abs)        008F
_PIR2bits                     (abs)        000D
_PairTX                       text387      064B
_RA0                          (abs)        0028
_RB4                          (abs)        0034
_RB6                          (abs)        0036
_RB7                          (abs)        0037
_RC3                          (abs)        003B
_RC4                          (abs)        003C
_RC5                          (abs)        003D
_RC6                          (abs)        003E
_SendCTRL                     text394      0573
_SendFSK                      text390      0552
_SendManFSK                   text391      05C1
_Sendbit                      text395      04FA
_StartTX                      text389      04BB
_StopTX                       text393      04DC
_T1CON                        (abs)        0010
_TMR1H                        (abs)        000F
_TMR1L                        (abs)        000E
_TRISA                        (abs)        0085
_TRISB                        (abs)        0086
_TRISC                        (abs)        0087
_TXData                       text388      0683
_WPUB4                        (abs)        08AC
_WaitFSK                      text392      04B6
__CFG_BOREN$OFF               (abs)        0000
__CFG_FCMEN$OFF               (abs)        0000
__CFG_FOSC$INTRCIO            (abs)        0000
__CFG_IESO$OFF                (abs)        0000
__CFG_PWRTE$ON                (abs)        0000
__CFG_WDTE$OFF                (abs)        0000
__Habs1                       abs1         0000
__Hbank0                      bank0        0000
__Hbank1                      bank1        0000
__Hbank2                      bank2        0000
__Hbank3                      bank3        0000
__HbssBANK0                   bssBANK0     0000
__Hcinit                      cinit        0000
__Hclrtext                    clrtext      0000
__Hcode                       code         0000
__Hcommon                     common       0000
__Hconfig                     config       2008
__HcstackBANK0                cstackBANK0  0000
__HcstackCOMMON               cstackCOMMON 0000
__Heeprom_data                eeprom_data  0000
__Hend_init                   end_init     0002
__Hfunctab                    functab      0000
__Hidloc                      idloc        0000
__Hinit                       init         0000
__Hintentry                   intentry     0000
__Hmaintext                   maintext     0000
__Hpowerup                    powerup      0000
__Hram                        ram          0000
__Hreset_vec                  reset_vec    0000
__Hsfr0                       sfr0         0000
__Hsfr1                       sfr1         0000
__Hsfr2                       sfr2         0000
__Hsfr3                       sfr3         0000
__Hstrings                    strings      0000
__Htext                       text         0000
__Labs1                       abs1         0000
__Lbank0                      bank0        0000
__Lbank1                      bank1        0000
__Lbank2                      bank2        0000
__Lbank3                      bank3        0000
__LbssBANK0                   bssBANK0     0000
__Lcinit                      cinit        0000
__Lclrtext                    clrtext      0000
__Lcode                       code         0000
__Lcommon                     common       0000
__Lconfig                     config       2007
__LcstackBANK0                cstackBANK0  0000
__LcstackCOMMON               cstackCOMMON 0000
__Leeprom_data                eeprom_data  0000
__Lend_init                   end_init     0000
__Lfunctab                    functab      0000
__Lidloc                      idloc        0000
__Linit                       init         0000
__Lintentry                   intentry     0000
__Lmaintext                   maintext     0000
__Lpowerup                    powerup      0000
__Lram                        ram          0000
__Lreset_vec                  reset_vec    0000
__Lsfr0                       sfr0         0000
__Lsfr1                       sfr1         0000
__Lsfr2                       sfr2         0000
__Lsfr3                       sfr3         0000
__Lstrings                    strings      0000
__Ltext                       text         0000
__S0                          (abs)        2008
__S1                          (abs)        007D
__S2                          (abs)        0000
__end_of_ConfigureOscillator  text379      04FA
__end_of_EEPROM_getc          text386      04DC
__end_of_EEPROM_putc          text385      05C1
__end_of_GenAddr              text384      0619
__end_of_GetAddr              text382      0536
__end_of_InitApp              text380      0552
__end_of_InitRadio            text381      064B
__end_of_PairTX               text387      0683
__end_of_SendCTRL             text394      059A
__end_of_SendFSK              text390      0573
__end_of_SendManFSK           text391      05EA
__end_of_Sendbit              text395      050A
__end_of_StartTX              text389      04C3
__end_of_StopTX               text393      04EB
__end_of_TXData               text388      06BD
__end_of_WaitFSK              text392      04BB
__end_of__initialization      cinit        04CB
__end_of__stringtab           strings      0008
__end_of_doPair               text383      072A
__end_of_getValue             text378      051F
__end_of_mIpu                 strings      000C
__end_of_mType                strings      000D
__end_of_main                 maintext     0800
__initialization              cinit        04C3
__pbssBANK0                   bssBANK0     002F
__pcstackBANK0                cstackBANK0  0020
__pcstackCOMMON               cstackCOMMON 0070
__pmaintext                   maintext     072A
__pstrings                    strings      0002
__ptext378                    text378      050A
__ptext379                    text379      04EB
__ptext380                    text380      0536
__ptext381                    text381      0619
__ptext382                    text382      051F
__ptext383                    text383      06BD
__ptext384                    text384      05EA
__ptext385                    text385      059A
__ptext386                    text386      04CE
__ptext387                    text387      064B
__ptext388                    text388      0683
__ptext389                    text389      04BB
__ptext390                    text390      0552
__ptext391                    text391      05C1
__ptext392                    text392      04B6
__ptext393                    text393      04DC
__ptext394                    text394      0573
__ptext395                    text395      04FA
__ptext396                    text396      0000
__size_of_ConfigureOscillator (abs)        0000
__size_of_EEPROM_getc         (abs)        0000
__size_of_EEPROM_putc         (abs)        0000
__size_of_GenAddr             (abs)        0000
__size_of_GetAddr             (abs)        0000
__size_of_InitApp             (abs)        0000
__size_of_InitRadio           (abs)        0000
__size_of_PairTX              (abs)        0000
__size_of_SendCTRL            (abs)        0000
__size_of_SendFSK             (abs)        0000
__size_of_SendManFSK          (abs)        0000
__size_of_Sendbit             (abs)        0000
__size_of_StartTX             (abs)        0000
__size_of_StopTX              (abs)        0000
__size_of_TXData              (abs)        0000
__size_of_WaitFSK             (abs)        0000
__size_of_doPair              (abs)        0000
__size_of_getValue            (abs)        0000
__size_of_main                (abs)        0000
__stringtab                   strings      0002
_datapacket                   bssBANK0     002F
_doPair                       text383      06BD
_getValue                     text378      050A
_mIpu                         strings      0008
_mType                        strings      000C
_main                         maintext     072A
_nRABPU                       (abs)        040F
btemp                         (abs)        007E
doPair@ipu                    cstackBANK0  0021
doPair@mType                  cstackBANK0  0020
doPair@txBuff                 cstackCOMMON 007C
end_of_initialization         cinit        04CB
intlevel0                     functab      0000
intlevel1                     functab      0000
intlevel2                     functab      0000
intlevel3                     functab      0000
intlevel4                     functab      0000
intlevel5                     functab      0000
main@cnt                      cstackBANK0  002E
main@debounce                 cstackBANK0  002D
reset_vec                     reset_vec    0000
start                         init         0000
start_initialization          cinit        04C3
wtemp0                        (abs)        007E


FUNCTION INFORMATION:

 *************** function _main *****************
 Defined at:
		line 58 in file "main.c"
 Parameters:    Size  Location     Type
		None
 Auto vars:     Size  Location     Type
  cnt             1   14[BANK0 ] unsigned char 
  debounce        1   13[BANK0 ] unsigned char 
 Return value:  Size  Location     Type
		None               void
 Registers used:
		wreg, fsr0l, fsr0h, status,2, status,0, pclath, cstack
 Tracked objects:
		On entry : 
		On exit  : 
		Unchanged: 
 Data sizes:     COMMON   BANK0   BANK1   BANK2
      Params:         0       0       0       0
      Locals:         0       2       0       0
      Temps:          0       3       0       0
      Totals:         0       5       0       0
Total ram usage:        5 bytes
 Hardware stack levels required when called:    5
 This function calls:
		_ConfigureOscillator
		_InitApp
		_InitRadio
		_GetAddr
		_getValue
		_TXData
		_doPair
 This function is called by:
		Startup code after reset
 This function uses a non-reentrant model


 *************** function _getValue *****************
 Defined at:
		line 40 in file "main.c"
 Parameters:    Size  Location     Type
		None
 Auto vars:     Size  Location     Type
		None
 Return value:  Size  Location     Type
		None               void
 Registers used:
		wreg, status,2, status,0
 Tracked objects:
		On entry : 
		On exit  : 
		Unchanged: 
 Data sizes:     COMMON   BANK0   BANK1   BANK2
      Params:         0       0       0       0
      Locals:         0       0       0       0
      Temps:          0       0       0       0
      Totals:         0       0       0       0
Total ram usage:        0 bytes
 Hardware stack levels used:    1
 This function calls:
		Nothing
 This function is called by:
		_main
 This function uses a non-reentrant model


 *************** function _ConfigureOscillator *****************
 Defined at:
		line 268 in file "user.c"
 Parameters:    Size  Location     Type
  speed           1    wreg     unsigned char 
 Auto vars:     Size  Location     Type
  speed           1    0[COMMON] unsigned char 
 Return value:  Size  Location     Type
		None               void
 Registers used:
		wreg, status,2
 Tracked objects:
		On entry : 
		On exit  : 
		Unchanged: 
 Data sizes:     COMMON   BANK0   BANK1   BANK2
      Params:         0       0       0       0
      Locals:         1       0       0       0
      Temps:          0       0       0       0
      Totals:         1       0       0       0
Total ram usage:        1 bytes
 Hardware stack levels used:    1
 This function calls:
		Nothing
 This function is called by:
		_main
 This function uses a non-reentrant model


 *************** function _InitApp *****************
 Defined at:
		line 245 in file "user.c"
 Parameters:    Size  Location     Type
		None
 Auto vars:     Size  Location     Type
		None
 Return value:  Size  Location     Type
		None               void
 Registers used:
		wreg, status,2
 Tracked objects:
		On entry : 
		On exit  : 
		Unchanged: 
 Data sizes:     COMMON   BANK0   BANK1   BANK2
      Params:         0       0       0       0
      Locals:         0       0       0       0
      Temps:          0       0       0       0
      Totals:         0       0       0       0
Total ram usage:        0 bytes
 Hardware stack levels used:    1
 This function calls:
		Nothing
 This function is called by:
		_main
 This function uses a non-reentrant model


 *************** function _InitRadio *****************
 Defined at:
		line 101 in file "user.c"
 Parameters:    Size  Location     Type
		None
 Auto vars:     Size  Location     Type
		None
 Return value:  Size  Location     Type
		None               void
 Registers used:
		wreg, status,2, status,0, pclath, cstack
 Tracked objects:
		On entry : 
		On exit  : 
		Unchanged: 
 Data sizes:     COMMON   BANK0   BANK1   BANK2
      Params:         0       0       0       0
      Locals:         0       0       0       0
      Temps:          0       0       0       0
      Totals:         0       0       0       0
Total ram usage:        0 bytes
 Hardware stack levels used:    1
 Hardware stack levels required when called:    1
 This function calls:
		_SendCTRL
 This function is called by:
		_main
 This function uses a non-reentrant model


 *************** function _GetAddr *****************
 Defined at:
		line 43 in file "user.c"
 Parameters:    Size  Location     Type
  txBuff          1    wreg     PTR unsigned char 
		 -> datapacket(8), 
 Auto vars:     Size  Location     Type
  txBuff          1    2[COMMON] PTR unsigned char 
		 -> datapacket(8), 
 Return value:  Size  Location     Type
                  2   12[COMMON] unsigned int 
 Registers used:
		wreg, fsr0l, fsr0h, pclath, cstack
 Tracked objects:
		On entry : 
		On exit  : 
		Unchanged: 
 Data sizes:     COMMON   BANK0   BANK1   BANK2
      Params:         0       0       0       0
      Locals:         1       0       0       0
      Temps:          1       0       0       0
      Totals:         2       0       0       0
Total ram usage:        2 bytes
 Hardware stack levels used:    1
 Hardware stack levels required when called:    1
 This function calls:
		_EEPROM_getc
 This function is called by:
		_main
 This function uses a non-reentrant model


 *************** function _doPair *****************
 Defined at:
		line 71 in file "user.c"
 Parameters:    Size  Location     Type
  txBuff          1    wreg     PTR unsigned char 
		 -> datapacket(8), 
  mType           1    0[BANK0 ] unsigned char 
  ipu             4    1[BANK0 ] unsigned long 
 Auto vars:     Size  Location     Type
  txBuff          1   12[COMMON] PTR unsigned char 
		 -> datapacket(8), 
 Return value:  Size  Location     Type
		None               void
 Registers used:
		wreg, fsr0l, fsr0h, status,2, status,0, pclath, cstack
 Tracked objects:
		On entry : 
		On exit  : 
		Unchanged: 
 Data sizes:     COMMON   BANK0   BANK1   BANK2
      Params:         0       5       0       0
      Locals:         1       0       0       0
      Temps:          0       5       0       0
      Totals:         1      10       0       0
Total ram usage:       11 bytes
 Hardware stack levels used:    1
 Hardware stack levels required when called:    4
 This function calls:
		_GenAddr
		_PairTX
 This function is called by:
		_main
 This function uses a non-reentrant model


 *************** function _GenAddr *****************
 Defined at:
		line 32 in file "user.c"
 Parameters:    Size  Location     Type
  txBuff          1    wreg     PTR unsigned char 
		 -> datapacket(8), 
  type            1    4[COMMON] unsigned char 
 Auto vars:     Size  Location     Type
  txBuff          1    6[COMMON] PTR unsigned char 
		 -> datapacket(8), 
 Return value:  Size  Location     Type
                  2    4[COMMON] unsigned int 
 Registers used:
		wreg, fsr0l, fsr0h, status,2, status,0, pclath, cstack
 Tracked objects:
		On entry : 
		On exit  : 
		Unchanged: 
 Data sizes:     COMMON   BANK0   BANK1   BANK2
      Params:         1       0       0       0
      Locals:         1       0       0       0
      Temps:          1       0       0       0
      Totals:         3       0       0       0
Total ram usage:        3 bytes
 Hardware stack levels used:    1
 Hardware stack levels required when called:    1
 This function calls:
		_EEPROM_putc
 This function is called by:
		_doPair
 This function uses a non-reentrant model


 *************** function _EEPROM_putc *****************
 Defined at:
		line 201 in file "user.c"
 Parameters:    Size  Location     Type
  address         1    wreg     unsigned char 
  data            1    0[COMMON] unsigned char 
 Auto vars:     Size  Location     Type
  address         1    2[COMMON] unsigned char 
  INTCON_SAVE     1    3[COMMON] unsigned char 
 Return value:  Size  Location     Type
		None               void
 Registers used:
		wreg, status,2
 Tracked objects:
		On entry : 
		On exit  : 
		Unchanged: 
 Data sizes:     COMMON   BANK0   BANK1   BANK2
      Params:         1       0       0       0
      Locals:         2       0       0       0
      Temps:          1       0       0       0
      Totals:         4       0       0       0
Total ram usage:        4 bytes
 Hardware stack levels used:    1
 This function calls:
		Nothing
 This function is called by:
		_GenAddr
 This function uses a non-reentrant model


 *************** function _EEPROM_getc *****************
 Defined at:
		line 233 in file "user.c"
 Parameters:    Size  Location     Type
  address         1    wreg     unsigned char 
 Auto vars:     Size  Location     Type
  address         1    0[COMMON] unsigned char 
 Return value:  Size  Location     Type
                  1    wreg      unsigned char 
 Registers used:
		wreg
 Tracked objects:
		On entry : 
		On exit  : 
		Unchanged: 
 Data sizes:     COMMON   BANK0   BANK1   BANK2
      Params:         0       0       0       0
      Locals:         1       0       0       0
      Temps:          0       0       0       0
      Totals:         1       0       0       0
Total ram usage:        1 bytes
 Hardware stack levels used:    1
 This function calls:
		Nothing
 This function is called by:
		_GetAddr
 This function uses a non-reentrant model


 *************** function _PairTX *****************
 Defined at:
		line 82 in file "user.c"
 Parameters:    Size  Location     Type
  txBuff          1    wreg     PTR unsigned char 
		 -> datapacket(8), 
 Auto vars:     Size  Location     Type
  txBuff          1   11[COMMON] PTR unsigned char 
		 -> datapacket(8), 
  cnt             1   10[COMMON] unsigned char 
 Return value:  Size  Location     Type
		None               void
 Registers used:
		wreg, fsr0l, fsr0h, status,2, status,0, pclath, cstack
 Tracked objects:
		On entry : 
		On exit  : 
		Unchanged: 
 Data sizes:     COMMON   BANK0   BANK1   BANK2
      Params:         0       0       0       0
      Locals:         2       0       0       0
      Temps:          3       0       0       0
      Totals:         5       0       0       0
Total ram usage:        5 bytes
 Hardware stack levels used:    1
 Hardware stack levels required when called:    3
 This function calls:
		_TXData
 This function is called by:
		_doPair
 This function uses a non-reentrant model


 *************** function _TXData *****************
 Defined at:
		line 53 in file "user.c"
 Parameters:    Size  Location     Type
  txBuff          1    wreg     PTR unsigned char 
		 -> datapacket(8), 
 Auto vars:     Size  Location     Type
  txBuff          1    5[COMMON] PTR unsigned char 
		 -> datapacket(8), 
  cnt             1    6[COMMON] unsigned char 
 Return value:  Size  Location     Type
		None               void
 Registers used:
		wreg, fsr0l, fsr0h, status,2, status,0, pclath, cstack
 Tracked objects:
		On entry : 
		On exit  : 
		Unchanged: 
 Data sizes:     COMMON   BANK0   BANK1   BANK2
      Params:         0       0       0       0
      Locals:         2       0       0       0
      Temps:          1       0       0       0
      Totals:         3       0       0       0
Total ram usage:        3 bytes
 Hardware stack levels used:    1
 Hardware stack levels required when called:    2
 This function calls:
		_StartTX
		_SendFSK
		_SendManFSK
		_WaitFSK
		_StopTX
 This function is called by:
		_main
		_PairTX
 This function uses a non-reentrant model


 *************** function _StartTX *****************
 Defined at:
		line 113 in file "user.c"
 Parameters:    Size  Location     Type
		None
 Auto vars:     Size  Location     Type
		None
 Return value:  Size  Location     Type
		None               void
 Registers used:
		wreg, status,2, status,0, pclath, cstack
 Tracked objects:
		On entry : 
		On exit  : 
		Unchanged: 
 Data sizes:     COMMON   BANK0   BANK1   BANK2
      Params:         0       0       0       0
      Locals:         0       0       0       0
      Temps:          0       0       0       0
      Totals:         0       0       0       0
Total ram usage:        0 bytes
 Hardware stack levels used:    1
 Hardware stack levels required when called:    1
 This function calls:
		_SendCTRL
 This function is called by:
		_TXData
 This function uses a non-reentrant model


 *************** function _SendFSK *****************
 Defined at:
		line 158 in file "user.c"
 Parameters:    Size  Location     Type
  data            1    wreg     unsigned char 
 Auto vars:     Size  Location     Type
  data            1    2[COMMON] unsigned char 
  cnt             1    3[COMMON] unsigned char 
 Return value:  Size  Location     Type
		None               void
 Registers used:
		wreg, status,2, status,0, pclath, cstack
 Tracked objects:
		On entry : 
		On exit  : 
		Unchanged: 
 Data sizes:     COMMON   BANK0   BANK1   BANK2
      Params:         0       0       0       0
      Locals:         2       0       0       0
      Temps:          1       0       0       0
      Totals:         3       0       0       0
Total ram usage:        3 bytes
 Hardware stack levels used:    1
 Hardware stack levels required when called:    1
 This function calls:
		_Sendbit
 This function is called by:
		_TXData
 This function uses a non-reentrant model


 *************** function _SendManFSK *****************
 Defined at:
		line 141 in file "user.c"
 Parameters:    Size  Location     Type
  data            1    wreg     unsigned char 
 Auto vars:     Size  Location     Type
  data            1    2[COMMON] unsigned char 
  cnt             1    3[COMMON] unsigned char 
 Return value:  Size  Location     Type
		None               void
 Registers used:
		wreg, status,2, status,0, pclath, cstack
 Tracked objects:
		On entry : 
		On exit  : 
		Unchanged: 
 Data sizes:     COMMON   BANK0   BANK1   BANK2
      Params:         0       0       0       0
      Locals:         2       0       0       0
      Temps:          1       0       0       0
      Totals:         3       0       0       0
Total ram usage:        3 bytes
 Hardware stack levels used:    1
 Hardware stack levels required when called:    1
 This function calls:
		_Sendbit
 This function is called by:
		_TXData
 This function uses a non-reentrant model


 *************** function _WaitFSK *****************
 Defined at:
		line 185 in file "user.c"
 Parameters:    Size  Location     Type
		None
 Auto vars:     Size  Location     Type
		None
 Return value:  Size  Location     Type
		None               void
 Registers used:
		None
 Tracked objects:
		On entry : 
		On exit  : 
		Unchanged: 
 Data sizes:     COMMON   BANK0   BANK1   BANK2
      Params:         0       0       0       0
      Locals:         0       0       0       0
      Temps:          0       0       0       0
      Totals:         0       0       0       0
Total ram usage:        0 bytes
 Hardware stack levels used:    1
 This function calls:
		Nothing
 This function is called by:
		_TXData
 This function uses a non-reentrant model


 *************** function _StopTX *****************
 Defined at:
		line 119 in file "user.c"
 Parameters:    Size  Location     Type
		None
 Auto vars:     Size  Location     Type
		None
 Return value:  Size  Location     Type
		None               void
 Registers used:
		wreg, status,2, status,0, pclath, cstack
 Tracked objects:
		On entry : 
		On exit  : 
		Unchanged: 
 Data sizes:     COMMON   BANK0   BANK1   BANK2
      Params:         0       0       0       0
      Locals:         0       0       0       0
      Temps:          0       0       0       0
      Totals:         0       0       0       0
Total ram usage:        0 bytes
 Hardware stack levels used:    1
 Hardware stack levels required when called:    1
 This function calls:
		_SendCTRL
 This function is called by:
		_TXData
 This function uses a non-reentrant model


 *************** function _SendCTRL *****************
 Defined at:
		line 125 in file "user.c"
 Parameters:    Size  Location     Type
  tosend          2    0[COMMON] unsigned int 
 Auto vars:     Size  Location     Type
  cnt             1    3[COMMON] unsigned char 
 Return value:  Size  Location     Type
		None               void
 Registers used:
		wreg, status,2, status,0
 Tracked objects:
		On entry : 
		On exit  : 
		Unchanged: 
 Data sizes:     COMMON   BANK0   BANK1   BANK2
      Params:         2       0       0       0
      Locals:         1       0       0       0
      Temps:          1       0       0       0
      Totals:         4       0       0       0
Total ram usage:        4 bytes
 Hardware stack levels used:    1
 This function calls:
		Nothing
 This function is called by:
		_InitRadio
		_StartTX
		_StopTX
 This function uses a non-reentrant model


 *************** function _Sendbit *****************
 Defined at:
		line 172 in file "user.c"
 Parameters:    Size  Location     Type
  data            1    wreg     unsigned char 
 Auto vars:     Size  Location     Type
  data            1    0[COMMON] unsigned char 
 Return value:  Size  Location     Type
		None               void
 Registers used:
		wreg
 Tracked objects:
		On entry : 
		On exit  : 
		Unchanged: 
 Data sizes:     COMMON   BANK0   BANK1   BANK2
      Params:         0       0       0       0
      Locals:         1       0       0       0
      Temps:          0       0       0       0
      Totals:         1       0       0       0
Total ram usage:        1 bytes
 Hardware stack levels used:    1
 This function calls:
		Nothing
 This function is called by:
		_SendManFSK
		_SendFSK
 This function uses a non-reentrant model



MODULE INFORMATION

Module		Function		Class		Link	Load	Size
shared
		__stringtab    		STRING         	0002	0000	6
		_mType         		STRING         	000C	0000	1
		__initializatio		CODE           	04C3	0000	8
		_mIpu          		STRING         	0008	0000	4

shared estimated size: 19

main.c
		_getValue      		CODE           	050A	0000	21
		_main          		CODE           	072A	0000	214

main.c estimated size: 235

user.c
		_PairTX        		CODE           	064B	0000	56
		_Sendbit       		CODE           	04FA	0000	16
		_EEPROM_getc   		CODE           	04CE	0000	14
		_EEPROM_putc   		CODE           	059A	0000	39
		_ConfigureOscil		CODE           	04EB	0000	15
		_SendCTRL      		CODE           	0573	0000	39
		_GenAddr       		CODE           	05EA	0000	47
		_TXData        		CODE           	0683	0000	58
		_InitApp       		CODE           	0536	0000	28
		_StopTX        		CODE           	04DC	0000	15
		_doPair        		CODE           	06BD	0000	109
		_GetAddr       		CODE           	051F	0000	23
		_SendFSK       		CODE           	0552	0000	33
		_SendManFSK    		CODE           	05C1	0000	41
		_WaitFSK       		CODE           	04B6	0000	5
		_StartTX       		CODE           	04BB	0000	8
		_InitRadio     		CODE           	0619	0000	50

user.c estimated size: 596

